---
source: src/ui/input.rs
assertion_line: 1064
expression: rendered
---
┌ test-model ──────────────────────────────── 1k ┐
│Hello, world!                                   │
│                                                │
│                                                │
└────────────────────────────────────────────────┘
