---
source: src/ui/input.rs
assertion_line: 1088
expression: rendered
---
┌ test-model ──────────────────────────────── 1k ┐
│Special: !@#$%^&*() <>[]{} '"`~                 │
│                                                │
│                                                │
└────────────────────────────────────────────────┘
